Startpoint: rst_n (input port clocked by clk)
Endpoint: _086_ (recovery check against rising-edge clock clk)
Path Group: asynchronous
Path Type: max

   Delay     Time   Description
-----------------------------------------------------------
   0.000    0.000   clock clk (rise edge)
   0.000    0.000   clock network delay (ideal)
   1.000    1.000 ^ input external delay
   0.000    1.000 ^ rst_n (in)
   0.000    1.000 ^ _086_/RESET_B (sky130_fd_sc_hd__dfrtp_1)
            1.000   data arrival time

   2.590    2.590   clock clk (rise edge)
   0.000    2.590   clock network delay (ideal)
   0.000    2.590   clock reconvergence pessimism
            2.590 ^ _086_/CLK (sky130_fd_sc_hd__dfrtp_1)
   0.228    2.818   library recovery time
            2.818   data required time
-----------------------------------------------------------
            2.818   data required time
           -1.000   data arrival time
-----------------------------------------------------------
            1.818   slack (MET)


Startpoint: _087_ (rising edge-triggered flip-flop clocked by clk)
Endpoint: _100_ (rising edge-triggered flip-flop clocked by clk)
Path Group: clk
Path Type: max

   Delay     Time   Description
-----------------------------------------------------------
   0.000    0.000   clock clk (rise edge)
   0.000    0.000   clock network delay (ideal)
   0.000    0.000 ^ _087_/CLK (sky130_fd_sc_hd__dfrtp_1)
   0.398    0.398 ^ _087_/Q (sky130_fd_sc_hd__dfrtp_1)
   0.073    0.471 v _039_/Y (sky130_fd_sc_hd__clkinv_1)
   0.356    0.827 ^ _047_/Y (sky130_fd_sc_hd__o311ai_0)
   0.172    0.999 v _050_/Y (sky130_fd_sc_hd__a21oi_1)
   0.381    1.381 v _063_/X (sky130_fd_sc_hd__maj3_1)
   0.160    1.541 v _064_/Y (sky130_fd_sc_hd__xnor2_1)
   0.383    1.924 v _073_/X (sky130_fd_sc_hd__maj3_1)
   0.358    2.281 v _075_/X (sky130_fd_sc_hd__maj3_1)
   0.175    2.457 v _079_/X (sky130_fd_sc_hd__xnor3_1)
   0.000    2.457 v _100_/D (sky130_fd_sc_hd__dfrtp_1)
            2.457   data arrival time

   2.590    2.590   clock clk (rise edge)
   0.000    2.590   clock network delay (ideal)
   0.000    2.590   clock reconvergence pessimism
            2.590 ^ _100_/CLK (sky130_fd_sc_hd__dfrtp_1)
  -0.134    2.456   library setup time
            2.456   data required time
-----------------------------------------------------------
            2.456   data required time
           -2.457   data arrival time
-----------------------------------------------------------
            0.000   slack (VIOLATED)


