
7. Printing statistics.

=== mult_array ===

        +----------Local Count, excluding submodules.
        |        +-Local Area, excluding submodules.
        |        | 
       54        - wires
       84        - wire bits
       15        - public wires
       45        - public wire bits
        5        - ports
       18        - port bits
       63   740.71 cells
        6   30.029   sky130_fd_sc_hd__a21oi_1
        1    7.507   sky130_fd_sc_hd__a22oi_1
        2   12.512   sky130_fd_sc_hd__and2_0
        1    6.256   sky130_fd_sc_hd__and3_1
        1    8.758   sky130_fd_sc_hd__and4_1
        2    7.507   sky130_fd_sc_hd__clkinv_1
       16  400.384   sky130_fd_sc_hd__dfrtp_1
        2   12.512   sky130_fd_sc_hd__lpflow_isobufsrc_1
        3   30.029   sky130_fd_sc_hd__maj3_1
        8   30.029   sky130_fd_sc_hd__nand2_1
        1    6.256   sky130_fd_sc_hd__nand2b_1
        3   15.014   sky130_fd_sc_hd__nand3_1
        1    6.256   sky130_fd_sc_hd__nand4_1
        1    3.754   sky130_fd_sc_hd__nor2_1
        1    6.256   sky130_fd_sc_hd__nor2b_1
        1    5.005   sky130_fd_sc_hd__nor3_1
        1    8.758   sky130_fd_sc_hd__o2111ai_1
        1    5.005   sky130_fd_sc_hd__o21ai_0
        1    8.758   sky130_fd_sc_hd__o311ai_0
        4   35.034   sky130_fd_sc_hd__xnor2_1
        2   45.043   sky130_fd_sc_hd__xnor3_1
        3   26.275   sky130_fd_sc_hd__xor2_1
        1   23.773   sky130_fd_sc_hd__xor3_1

   Chip area for module '\mult_array': 740.710400
     of which used for sequential elements: 400.384000 (54.05%)

